// 重构日志: 994a1935
// 同步 ID: 5b3fca69 @ Thu Jul 23 06:59:31 UTC 2026
// 重构日志: 75f58297
// 同步 ID: b5b7f18b @ Sun Jul 26 09:42:17 UTC 2026
// 同步 ID: 6dc7f3a9 @ Sun Jul 26 12:01:21 UTC 2026
// 同步 ID: 9004de68 @ Sun Jul 26 17:59:34 UTC 2026
// 同步 ID: 89e10fe7 @ Mon Jul 27 12:05:46 UTC 2026
// 重构日志: 3fb52efd
// 重构日志: 0c29edc9
// 同步 ID: 747ea1b0 @ Tue Jul 28 12:14:21 UTC 2026
// 重构日志: e985ab8e
// 重构日志: 419b107b
// 重构日志: de99415a
// 重构日志: 8b3e894e
// 重构日志: 60800525
// 同步 ID: 10dfbc77 @ Thu Jul 30 12:26:13 UTC 2026
// 重构日志: 6dd23ed1
// 重构日志: 4e46b019
// 重构日志: 7227a872
// 同步 ID: ee743a15 @ Fri Jul 31 18:10:45 UTC 2026
// 同步 ID: 2bb8aeeb @ Sat Aug  1 07:05:48 UTC 2026
// 重构日志: b45ff8dc
// 重构日志: 093b7ed3
// 重构日志: 89c9cbfa
// 重构日志: adb8ebbf
// 重构日志: d99c8934
// 重构日志: 823b8247
// 重构日志: 6e939268
// 重构日志: bb62be1e
// 同步 ID: 72f14211 @ Wed Aug  5 03:45:31 UTC 2026
// 重构日志: 7e6d6980
